==============================================================
 CASE: meshsize/fullspace24
==============================================================

=== Stage 1: Mesh ===
[mesh_gen] Wrote model.h5
            Elements: 21952 (28×28×28)
            Vertices: 24389
            Domain:   18000.0×18000.0×18000.0 m
  elements: 21952 (expected 21952)

=== Stage 2: Preprocess (cpp) ===
  C++ preprocessor built
[preprocess] Running C++ run (stage1→CPML→STF): /home/guochang/Projects/gf-calculation/bin/gf_preprocess run /home/guochang/Projects/gf-calculation/examples/meshsize/fullspace28/model.h5 --N 4 --cfl-safety 0.5 --nx 28 --ny 28 --n-ranks 16 --pml-xmin 8 --pml-xmax 8 --pml-ymin 8 --pml-ymax 8 --pml-zmin 8 --pml-zmax 8
[preprocess] Building partition data from C++ results (16 ranks)...
[preprocess]   16 ranks, 1442897 global nodes
[preprocess] Done in 10.3s

=== Stage 2.5: SEM parameter consistency check ===
Checking SEM-internal consistency in /home/guochang/Projects/gf-calculation/examples/meshsize/fullspace28 ...
  [PASS] source.x_m: config=9375, artifact=9375
  [PASS] source.y_m: config=9375, artifact=9375
  [PASS] source.z_m: config=9375, artifact=9375
  [PASS] output_dt_s: config=0.01, artifact=0.01
  [PASS] nsteps: config-duration=801, artifact=801
  [PASS] stf_func vs /source/stf_values: max_abs_diff=1.638e+04 (tol=1e+11)
  [PASS] stf_peak == force_amplitude: config=1e+20, artifact=1e+20
  [PASS] stride divisibility: solver_dt=1.000000e-02 x 1 == output_dt=0.01
  [PASS] vp_m_s: config=5000, artifact=5000
  [PASS] vs_m_s: config=3000, artifact=3000
  [PASS] density_kg_m3: config=2700, artifact=2700

SEM consistency: PASS

=== Stage 3: Forward (elastic, cuda) ===

  direction=x
gf_solver: simulation complete, 800 steps in 235.541302s
  direction=y
gf_solver: simulation complete, 800 steps in 237.510049s
  direction=z
gf_solver: simulation complete, 800 steps in 238.733086s

=== Stage 4: Postprocess ===


=== Stage 5: Basic verification ===
  tiles: 16 (expected >=4)
max_displacement: 1.979e+13
  displacement OK — PASSED

=== Stage 6: Analytical comparison (Stokes full-space) ===
  (skipped — GF_SKIP_STAGE6=1)

==============================================================
 CASE meshsize/fullspace28: COMPLETE
==============================================================
